2025-06-05 16:58:54.856 [INF] Starting application...
2025-06-05 16:58:54.873 [DBG] Application startup arguments: 
2025-06-05 16:58:54.874 [INF] Creating LoginWindow...
2025-06-05 16:58:54.889 [INF] Initializing LoginWindow...
2025-06-05 16:58:54.986 [DBG] LoginWindow components initialized
2025-06-05 16:58:54.987 [DBG] UsernameTextBox focused
2025-06-05 16:58:54.987 [DBG] LoginWindow created successfully
2025-06-05 16:58:54.987 [INF] Showing LoginWindow...
2025-06-05 16:58:55.026 [FTL] Application failed to start
System.Windows.Markup.XamlParseException: Provide value on 'System.Windows.Markup.StaticResourceHolder' threw an exception.
 ---> System.Exception: Cannot find resource named 'BooleanToVisibilityConverter'. Resource names are case sensitive.
   at System.Windows.StaticResourceExtension.ProvideValueInternal(IServiceProvider serviceProvider, Boolean allowDeferredReference)
   at MS.Internal.Xaml.Runtime.ClrObjectRuntime.CallProvideValue(MarkupExtension me, IServiceProvider serviceProvider)
   --- End of inner exception stack trace ---
   at System.Windows.Markup.XamlReader.RewrapException(Exception e, IXamlLineInfo lineInfo, Uri baseUri)
   at System.Windows.Markup.XamlReader.RewrapException(Exception e, Uri baseUri)
   at System.Windows.FrameworkTemplate.LoadTemplateXaml(XamlReader templateReader, XamlObjectWriter currentWriter)
   at System.Windows.FrameworkTemplate.LoadOptimizedTemplateContent(DependencyObject container, IComponentConnector componentConnector, IStyleConnector styleConnector, List`1 affectedChildren, UncommonField`1 templatedNonFeChildrenField)
   at System.Windows.FrameworkTemplate.LoadContent(DependencyObject container, List`1 affectedChildren)
   at System.Windows.StyleHelper.ApplyTemplateContent(UncommonField`1 dataField, DependencyObject container, FrameworkElementFactory templateRoot, Int32 lastChildIndex, HybridDictionary childIndexFromChildID, FrameworkTemplate frameworkTemplate)
   at System.Windows.FrameworkTemplate.ApplyTemplateContent(UncommonField`1 templateDataField, FrameworkElement container)
   at System.Windows.FrameworkElement.ApplyTemplate()
   at System.Windows.FrameworkElement.MeasureCore(Size availableSize)
   at System.Windows.UIElement.Measure(Size availableSize)
   at System.Windows.Controls.StackPanel.StackMeasureHelper(IStackMeasure measureElement, IStackMeasureScrollData scrollData, Size constraint)
   at System.Windows.Controls.StackPanel.MeasureOverride(Size constraint)
   at System.Windows.FrameworkElement.MeasureCore(Size availableSize)
   at System.Windows.UIElement.Measure(Size availableSize)
   at System.Windows.Controls.Grid.MeasureOverride(Size constraint)
   at System.Windows.FrameworkElement.MeasureCore(Size availableSize)
   at System.Windows.UIElement.Measure(Size availableSize)
   at MS.Internal.Helper.MeasureElementWithSingleChild(UIElement element, Size constraint)
   at System.Windows.FrameworkElement.MeasureCore(Size availableSize)
   at System.Windows.UIElement.Measure(Size availableSize)
   at System.Windows.Controls.Decorator.MeasureOverride(Size constraint)
   at System.Windows.Documents.AdornerDecorator.MeasureOverride(Size constraint)
   at System.Windows.FrameworkElement.MeasureCore(Size availableSize)
   at System.Windows.UIElement.Measure(Size availableSize)
   at System.Windows.Controls.Border.MeasureOverride(Size constraint)
   at System.Windows.FrameworkElement.MeasureCore(Size availableSize)
   at System.Windows.UIElement.Measure(Size availableSize)
   at System.Windows.Window.MeasureOverrideHelper(Size constraint)
   at System.Windows.Window.MeasureOverride(Size availableSize)
   at System.Windows.FrameworkElement.MeasureCore(Size availableSize)
   at System.Windows.UIElement.Measure(Size availableSize)
   at System.Windows.Interop.HwndSource.SetLayoutSize()
   at System.Windows.Interop.HwndSource.set_RootVisualInternal(Visual value)
   at System.Windows.Window.SetRootVisualAndUpdateSTC()
   at System.Windows.Window.SetupInitialState(Double requestedTop, Double requestedLeft, Double requestedWidth, Double requestedHeight)
   at System.Windows.Window.CreateSourceWindow(Boolean duringShow)
   at System.Windows.Window.ShowHelper(Object booleanBox)
   at System.Windows.Window.Show()
   at UsbDlpAgent.UI.App.OnStartup(StartupEventArgs e) in C:\UsbDlpAgent\UsbDlpAgent.UI\App.xaml.cs:line 58
2025-06-05 16:59:04.845 [INF] Initializing MainWindow...
2025-06-05 16:59:04.869 [ERR] Error initializing MainWindow
System.Windows.Markup.XamlParseException: 'Provide value on 'System.Windows.StaticResourceExtension' threw an exception.' Line number '62' and line position '30'.
 ---> System.Exception: Cannot find resource named 'NullToVisibilityConverter'. Resource names are case sensitive.
   at System.Windows.StaticResourceExtension.ProvideValueInternal(IServiceProvider serviceProvider, Boolean allowDeferredReference)
   at MS.Internal.Xaml.Runtime.ClrObjectRuntime.CallProvideValue(MarkupExtension me, IServiceProvider serviceProvider)
   --- End of inner exception stack trace ---
   at System.Windows.Markup.XamlReader.RewrapException(Exception e, IXamlLineInfo lineInfo, Uri baseUri)
   at System.Windows.Markup.WpfXamlLoader.Load(XamlReader xamlReader, IXamlObjectWriterFactory writerFactory, Boolean skipJournaledProperties, Object rootObject, XamlObjectWriterSettings settings, Uri baseUri)
   at System.Windows.Markup.WpfXamlLoader.LoadBaml(XamlReader xamlReader, Boolean skipJournaledProperties, Object rootObject, XamlAccessLevel accessLevel, Uri baseUri)
   at System.Windows.Markup.XamlReader.LoadBaml(Stream stream, ParserContext parserContext, Object parent, Boolean closeStream)
   at System.Windows.Application.LoadComponent(Object component, Uri resourceLocator)
   at UsbDlpAgent.UI.MainWindow.InitializeComponent() in C:\UsbDlpAgent\UsbDlpAgent.UI\MainWindow.xaml:line 1
   at UsbDlpAgent.UI.MainWindow..ctor() in C:\UsbDlpAgent\UsbDlpAgent.UI\MainWindow.xaml.cs:line 28
2025-06-05 16:59:04.883 [INF] MainWindow closing, cleaning up SignalR connection
2025-06-05 16:59:04.883 [INF] Application is shutting down with exit code: 0
