2025-06-07 15:28:55.030 +07:00 [INF] Starting application...
2025-06-07 15:28:55.049 +07:00 [DBG] Application startup arguments: 
2025-06-07 15:28:55.165 +07:00 [ERR] Unhandled exception in UI thread
System.Reflection.TargetInvocationException: Exception has been thrown by the target of an invocation.
 ---> System.NullReferenceException: Object reference not set to an instance of an object.
   at UsbDlpAgent.UI.MainWindow.ApplyFilters() in C:\UsbDlpAgent\UsbDlpAgent.UI\MainWindow.xaml.cs:line 184
   at UsbDlpAgent.UI.MainWindow.TypeFilterCombo_SelectionChanged(Object sender, SelectionChangedEventArgs e) in C:\UsbDlpAgent\UsbDlpAgent.UI\MainWindow.xaml.cs:line 173
   at System.Windows.RoutedEventArgs.InvokeHandler(Delegate handler, Object target)
   at System.Windows.EventRoute.InvokeHandlersImpl(Object source, RoutedEventArgs args, Boolean reRaised)
   at System.Windows.UIElement.RaiseEventImpl(DependencyObject sender, RoutedEventArgs args)
   at System.Windows.Controls.ComboBox.OnSelectionChanged(SelectionChangedEventArgs e)
   at System.Windows.Controls.Primitives.Selector.SetSelectedHelper(Object item, FrameworkElement UI, Boolean selected)
   at System.Windows.Controls.Primitives.Selector.NotifyIsSelectedChanged(FrameworkElement container, Boolean selected, RoutedEventArgs e)
   at System.Windows.EventRoute.InvokeHandlersImpl(Object source, RoutedEventArgs args, Boolean reRaised)
   at System.Windows.UIElement.RaiseEventImpl(DependencyObject sender, RoutedEventArgs args)
   at System.Windows.Controls.ListBoxItem.OnIsSelectedChanged(DependencyObject d, DependencyPropertyChangedEventArgs e)
   at System.Windows.FrameworkElement.OnPropertyChanged(DependencyPropertyChangedEventArgs e)
   at System.Windows.DependencyObject.NotifyPropertyChange(DependencyPropertyChangedEventArgs args)
   at System.Windows.DependencyObject.UpdateEffectiveValue(EntryIndex entryIndex, DependencyProperty dp, PropertyMetadata metadata, EffectiveValueEntry oldEntry, EffectiveValueEntry& newEntry, Boolean coerceWithDeferredReference, Boolean coerceWithCurrentValue, OperationType operationType)
   at System.Windows.DependencyObject.SetValueCommon(DependencyProperty dp, Object value, PropertyMetadata metadata, Boolean coerceWithDeferredReference, Boolean coerceWithCurrentValue, OperationType operationType, Boolean isInternal)
   at System.Windows.DependencyObject.SetValue(DependencyProperty dp, Object value)
   at MS.Internal.Xaml.Runtime.ClrObjectRuntime.SetValue(Object inst, XamlMember property, Object value)
   at System.Xaml.XamlObjectWriter.Logic_ApplyPropertyValue(ObjectWriterContext ctx, XamlMember prop, Object value, Boolean onParent)
   at System.Xaml.XamlObjectWriter.Logic_DoAssignmentToParentProperty(ObjectWriterContext ctx)
   at System.Xaml.XamlObjectWriter.WriteEndMember()
   at System.Windows.Markup.WpfXamlLoader.TransformNodes(XamlReader xamlReader, XamlObjectWriter xamlWriter, Boolean onlyLoadOneNode, Boolean skipJournaledProperties, Boolean shouldPassLineNumberInfo, IXamlLineInfo xamlLineInfo, IXamlLineInfoConsumer xamlLineInfoConsumer, XamlContextStack`1 stack, IStyleConnector styleConnector)
   at System.Windows.Markup.WpfXamlLoader.Load(XamlReader xamlReader, IXamlObjectWriterFactory writerFactory, Boolean skipJournaledProperties, Object rootObject, XamlObjectWriterSettings settings, Uri baseUri)
   at System.Windows.Markup.WpfXamlLoader.LoadBaml(XamlReader xamlReader, Boolean skipJournaledProperties, Object rootObject, XamlAccessLevel accessLevel, Uri baseUri)
   at System.Windows.Markup.XamlReader.LoadBaml(Stream stream, ParserContext parserContext, Object parent, Boolean closeStream)
   at System.Windows.Application.LoadComponent(Object component, Uri resourceLocator)
   at UsbDlpAgent.UI.MainWindow.InitializeComponent() in C:\UsbDlpAgent\UsbDlpAgent.UI\MainWindow.xaml:line 1
   at UsbDlpAgent.UI.MainWindow..ctor() in C:\UsbDlpAgent\UsbDlpAgent.UI\MainWindow.xaml.cs:line 48
   at System.RuntimeType.CreateInstanceDefaultCtor(Boolean publicOnly, Boolean wrapExceptions)
   --- End of inner exception stack trace ---
   at System.RuntimeType.CreateInstanceDefaultCtor(Boolean publicOnly, Boolean wrapExceptions)
   at System.RuntimeType.CreateInstanceImpl(BindingFlags bindingAttr, Binder binder, Object[] args, CultureInfo culture)
   at System.Activator.CreateInstance(Type type, Object[] args)
   at MS.Internal.Xaml.Runtime.ClrObjectRuntime.CreateInstance(XamlType xamlType, Object[] args)
   at System.Xaml.XamlObjectWriter.Logic_CreateAndAssignToParentStart(ObjectWriterContext ctx)
   at System.Xaml.XamlObjectWriter.WriteStartMember(XamlMember property)
   at System.Windows.Markup.WpfXamlLoader.TransformNodes(XamlReader xamlReader, XamlObjectWriter xamlWriter, Boolean onlyLoadOneNode, Boolean skipJournaledProperties, Boolean shouldPassLineNumberInfo, IXamlLineInfo xamlLineInfo, IXamlLineInfoConsumer xamlLineInfoConsumer, XamlContextStack`1 stack, IStyleConnector styleConnector)
   at System.Windows.Markup.WpfXamlLoader.Load(XamlReader xamlReader, IXamlObjectWriterFactory writerFactory, Boolean skipJournaledProperties, Object rootObject, XamlObjectWriterSettings settings, Uri baseUri)
   at System.Windows.Markup.WpfXamlLoader.LoadBaml(XamlReader xamlReader, Boolean skipJournaledProperties, Object rootObject, XamlAccessLevel accessLevel, Uri baseUri)
   at System.Windows.Markup.XamlReader.LoadBaml(Stream stream, ParserContext parserContext, Object parent, Boolean closeStream)
   at System.Windows.Application.LoadBamlStreamWithSyncInfo(Stream stream, ParserContext pc)
   at System.Windows.Application.DoStartup()
   at System.Windows.Application.<.ctor>b__1_0(Object unused)
   at System.Windows.Threading.ExceptionWrapper.InternalRealCall(Delegate callback, Object args, Int32 numArgs)
   at System.Windows.Threading.ExceptionWrapper.TryCatchWhen(Object source, Delegate callback, Object args, Int32 numArgs, Delegate catchHandler)
2025-06-07 15:32:09.095 +07:00 [INF] Starting application...
2025-06-07 15:32:09.114 +07:00 [DBG] Application startup arguments: 
2025-06-07 15:32:09.245 +07:00 [ERR] Unhandled exception in UI thread
System.Reflection.TargetInvocationException: Exception has been thrown by the target of an invocation.
 ---> System.NullReferenceException: Object reference not set to an instance of an object.
   at UsbDlpAgent.UI.MainWindow.ApplyFilters() in C:\UsbDlpAgent\UsbDlpAgent.UI\MainWindow.xaml.cs:line 184
   at UsbDlpAgent.UI.MainWindow.TypeFilterCombo_SelectionChanged(Object sender, SelectionChangedEventArgs e) in C:\UsbDlpAgent\UsbDlpAgent.UI\MainWindow.xaml.cs:line 173
   at System.Windows.RoutedEventArgs.InvokeHandler(Delegate handler, Object target)
   at System.Windows.EventRoute.InvokeHandlersImpl(Object source, RoutedEventArgs args, Boolean reRaised)
   at System.Windows.UIElement.RaiseEventImpl(DependencyObject sender, RoutedEventArgs args)
   at System.Windows.Controls.ComboBox.OnSelectionChanged(SelectionChangedEventArgs e)
   at System.Windows.Controls.Primitives.Selector.SetSelectedHelper(Object item, FrameworkElement UI, Boolean selected)
   at System.Windows.Controls.Primitives.Selector.NotifyIsSelectedChanged(FrameworkElement container, Boolean selected, RoutedEventArgs e)
   at System.Windows.EventRoute.InvokeHandlersImpl(Object source, RoutedEventArgs args, Boolean reRaised)
   at System.Windows.UIElement.RaiseEventImpl(DependencyObject sender, RoutedEventArgs args)
   at System.Windows.Controls.ListBoxItem.OnIsSelectedChanged(DependencyObject d, DependencyPropertyChangedEventArgs e)
   at System.Windows.FrameworkElement.OnPropertyChanged(DependencyPropertyChangedEventArgs e)
   at System.Windows.DependencyObject.NotifyPropertyChange(DependencyPropertyChangedEventArgs args)
   at System.Windows.DependencyObject.UpdateEffectiveValue(EntryIndex entryIndex, DependencyProperty dp, PropertyMetadata metadata, EffectiveValueEntry oldEntry, EffectiveValueEntry& newEntry, Boolean coerceWithDeferredReference, Boolean coerceWithCurrentValue, OperationType operationType)
   at System.Windows.DependencyObject.SetValueCommon(DependencyProperty dp, Object value, PropertyMetadata metadata, Boolean coerceWithDeferredReference, Boolean coerceWithCurrentValue, OperationType operationType, Boolean isInternal)
   at System.Windows.DependencyObject.SetValue(DependencyProperty dp, Object value)
   at MS.Internal.Xaml.Runtime.ClrObjectRuntime.SetValue(Object inst, XamlMember property, Object value)
   at System.Xaml.XamlObjectWriter.Logic_ApplyPropertyValue(ObjectWriterContext ctx, XamlMember prop, Object value, Boolean onParent)
   at System.Xaml.XamlObjectWriter.Logic_DoAssignmentToParentProperty(ObjectWriterContext ctx)
   at System.Xaml.XamlObjectWriter.WriteEndMember()
   at System.Windows.Markup.WpfXamlLoader.TransformNodes(XamlReader xamlReader, XamlObjectWriter xamlWriter, Boolean onlyLoadOneNode, Boolean skipJournaledProperties, Boolean shouldPassLineNumberInfo, IXamlLineInfo xamlLineInfo, IXamlLineInfoConsumer xamlLineInfoConsumer, XamlContextStack`1 stack, IStyleConnector styleConnector)
   at System.Windows.Markup.WpfXamlLoader.Load(XamlReader xamlReader, IXamlObjectWriterFactory writerFactory, Boolean skipJournaledProperties, Object rootObject, XamlObjectWriterSettings settings, Uri baseUri)
   at System.Windows.Markup.WpfXamlLoader.LoadBaml(XamlReader xamlReader, Boolean skipJournaledProperties, Object rootObject, XamlAccessLevel accessLevel, Uri baseUri)
   at System.Windows.Markup.XamlReader.LoadBaml(Stream stream, ParserContext parserContext, Object parent, Boolean closeStream)
   at System.Windows.Application.LoadComponent(Object component, Uri resourceLocator)
   at UsbDlpAgent.UI.MainWindow.InitializeComponent() in C:\UsbDlpAgent\UsbDlpAgent.UI\MainWindow.xaml:line 1
   at UsbDlpAgent.UI.MainWindow..ctor() in C:\UsbDlpAgent\UsbDlpAgent.UI\MainWindow.xaml.cs:line 48
   at System.RuntimeType.CreateInstanceDefaultCtor(Boolean publicOnly, Boolean wrapExceptions)
   --- End of inner exception stack trace ---
   at System.RuntimeType.CreateInstanceDefaultCtor(Boolean publicOnly, Boolean wrapExceptions)
   at System.RuntimeType.CreateInstanceImpl(BindingFlags bindingAttr, Binder binder, Object[] args, CultureInfo culture)
   at System.Activator.CreateInstance(Type type, Object[] args)
   at MS.Internal.Xaml.Runtime.ClrObjectRuntime.CreateInstance(XamlType xamlType, Object[] args)
   at System.Xaml.XamlObjectWriter.Logic_CreateAndAssignToParentStart(ObjectWriterContext ctx)
   at System.Xaml.XamlObjectWriter.WriteStartMember(XamlMember property)
   at System.Windows.Markup.WpfXamlLoader.TransformNodes(XamlReader xamlReader, XamlObjectWriter xamlWriter, Boolean onlyLoadOneNode, Boolean skipJournaledProperties, Boolean shouldPassLineNumberInfo, IXamlLineInfo xamlLineInfo, IXamlLineInfoConsumer xamlLineInfoConsumer, XamlContextStack`1 stack, IStyleConnector styleConnector)
   at System.Windows.Markup.WpfXamlLoader.Load(XamlReader xamlReader, IXamlObjectWriterFactory writerFactory, Boolean skipJournaledProperties, Object rootObject, XamlObjectWriterSettings settings, Uri baseUri)
   at System.Windows.Markup.WpfXamlLoader.LoadBaml(XamlReader xamlReader, Boolean skipJournaledProperties, Object rootObject, XamlAccessLevel accessLevel, Uri baseUri)
   at System.Windows.Markup.XamlReader.LoadBaml(Stream stream, ParserContext parserContext, Object parent, Boolean closeStream)
   at System.Windows.Application.LoadBamlStreamWithSyncInfo(Stream stream, ParserContext pc)
   at System.Windows.Application.DoStartup()
   at System.Windows.Application.<.ctor>b__1_0(Object unused)
   at System.Windows.Threading.ExceptionWrapper.InternalRealCall(Delegate callback, Object args, Int32 numArgs)
   at System.Windows.Threading.ExceptionWrapper.TryCatchWhen(Object source, Delegate callback, Object args, Int32 numArgs, Delegate catchHandler)
2025-06-07 15:33:28.510 +07:00 [INF] Starting application...
2025-06-07 15:33:28.526 +07:00 [DBG] Application startup arguments: 
2025-06-07 15:35:00.283 +07:00 [INF] Application is shutting down with exit code: 0
2025-06-07 15:37:04.558 +07:00 [INF] Starting application...
2025-06-07 15:37:04.576 +07:00 [DBG] Application startup arguments: 
2025-06-07 15:37:54.744 +07:00 [INF] Application is shutting down with exit code: 0
2025-06-07 15:39:20.257 +07:00 [INF] Starting application...
2025-06-07 15:39:20.273 +07:00 [DBG] Application startup arguments: 
2025-06-07 15:39:20.396 +07:00 [ERR] Unhandled exception in UI thread
System.Reflection.TargetInvocationException: Exception has been thrown by the target of an invocation.
 ---> System.NullReferenceException: Object reference not set to an instance of an object.
   at UsbDlpAgent.UI.MainWindow.ApplyFilters() in C:\UsbDlpAgent\UsbDlpAgent.UI\MainWindow.xaml.cs:line 186
   at UsbDlpAgent.UI.MainWindow.TypeFilterCombo_SelectionChanged(Object sender, SelectionChangedEventArgs e) in C:\UsbDlpAgent\UsbDlpAgent.UI\MainWindow.xaml.cs:line 175
   at System.Windows.RoutedEventArgs.InvokeHandler(Delegate handler, Object target)
   at System.Windows.EventRoute.InvokeHandlersImpl(Object source, RoutedEventArgs args, Boolean reRaised)
   at System.Windows.UIElement.RaiseEventImpl(DependencyObject sender, RoutedEventArgs args)
   at System.Windows.Controls.ComboBox.OnSelectionChanged(SelectionChangedEventArgs e)
   at System.Windows.Controls.Primitives.Selector.SetSelectedHelper(Object item, FrameworkElement UI, Boolean selected)
   at System.Windows.Controls.Primitives.Selector.NotifyIsSelectedChanged(FrameworkElement container, Boolean selected, RoutedEventArgs e)
   at System.Windows.EventRoute.InvokeHandlersImpl(Object source, RoutedEventArgs args, Boolean reRaised)
   at System.Windows.UIElement.RaiseEventImpl(DependencyObject sender, RoutedEventArgs args)
   at System.Windows.Controls.ListBoxItem.OnIsSelectedChanged(DependencyObject d, DependencyPropertyChangedEventArgs e)
   at System.Windows.FrameworkElement.OnPropertyChanged(DependencyPropertyChangedEventArgs e)
   at System.Windows.DependencyObject.NotifyPropertyChange(DependencyPropertyChangedEventArgs args)
   at System.Windows.DependencyObject.UpdateEffectiveValue(EntryIndex entryIndex, DependencyProperty dp, PropertyMetadata metadata, EffectiveValueEntry oldEntry, EffectiveValueEntry& newEntry, Boolean coerceWithDeferredReference, Boolean coerceWithCurrentValue, OperationType operationType)
   at System.Windows.DependencyObject.SetValueCommon(DependencyProperty dp, Object value, PropertyMetadata metadata, Boolean coerceWithDeferredReference, Boolean coerceWithCurrentValue, OperationType operationType, Boolean isInternal)
   at System.Windows.DependencyObject.SetValue(DependencyProperty dp, Object value)
   at MS.Internal.Xaml.Runtime.ClrObjectRuntime.SetValue(Object inst, XamlMember property, Object value)
   at System.Xaml.XamlObjectWriter.Logic_ApplyPropertyValue(ObjectWriterContext ctx, XamlMember prop, Object value, Boolean onParent)
   at System.Xaml.XamlObjectWriter.Logic_DoAssignmentToParentProperty(ObjectWriterContext ctx)
   at System.Xaml.XamlObjectWriter.WriteEndMember()
   at System.Windows.Markup.WpfXamlLoader.TransformNodes(XamlReader xamlReader, XamlObjectWriter xamlWriter, Boolean onlyLoadOneNode, Boolean skipJournaledProperties, Boolean shouldPassLineNumberInfo, IXamlLineInfo xamlLineInfo, IXamlLineInfoConsumer xamlLineInfoConsumer, XamlContextStack`1 stack, IStyleConnector styleConnector)
   at System.Windows.Markup.WpfXamlLoader.Load(XamlReader xamlReader, IXamlObjectWriterFactory writerFactory, Boolean skipJournaledProperties, Object rootObject, XamlObjectWriterSettings settings, Uri baseUri)
   at System.Windows.Markup.WpfXamlLoader.LoadBaml(XamlReader xamlReader, Boolean skipJournaledProperties, Object rootObject, XamlAccessLevel accessLevel, Uri baseUri)
   at System.Windows.Markup.XamlReader.LoadBaml(Stream stream, ParserContext parserContext, Object parent, Boolean closeStream)
   at System.Windows.Application.LoadComponent(Object component, Uri resourceLocator)
   at UsbDlpAgent.UI.MainWindow.InitializeComponent() in C:\UsbDlpAgent\UsbDlpAgent.UI\MainWindow.xaml:line 1
   at UsbDlpAgent.UI.MainWindow..ctor() in C:\UsbDlpAgent\UsbDlpAgent.UI\MainWindow.xaml.cs:line 48
   at System.RuntimeType.CreateInstanceDefaultCtor(Boolean publicOnly, Boolean wrapExceptions)
   --- End of inner exception stack trace ---
   at System.RuntimeType.CreateInstanceDefaultCtor(Boolean publicOnly, Boolean wrapExceptions)
   at System.RuntimeType.CreateInstanceImpl(BindingFlags bindingAttr, Binder binder, Object[] args, CultureInfo culture)
   at System.Activator.CreateInstance(Type type, Object[] args)
   at MS.Internal.Xaml.Runtime.ClrObjectRuntime.CreateInstance(XamlType xamlType, Object[] args)
   at System.Xaml.XamlObjectWriter.Logic_CreateAndAssignToParentStart(ObjectWriterContext ctx)
   at System.Xaml.XamlObjectWriter.WriteStartMember(XamlMember property)
   at System.Windows.Markup.WpfXamlLoader.TransformNodes(XamlReader xamlReader, XamlObjectWriter xamlWriter, Boolean onlyLoadOneNode, Boolean skipJournaledProperties, Boolean shouldPassLineNumberInfo, IXamlLineInfo xamlLineInfo, IXamlLineInfoConsumer xamlLineInfoConsumer, XamlContextStack`1 stack, IStyleConnector styleConnector)
   at System.Windows.Markup.WpfXamlLoader.Load(XamlReader xamlReader, IXamlObjectWriterFactory writerFactory, Boolean skipJournaledProperties, Object rootObject, XamlObjectWriterSettings settings, Uri baseUri)
   at System.Windows.Markup.WpfXamlLoader.LoadBaml(XamlReader xamlReader, Boolean skipJournaledProperties, Object rootObject, XamlAccessLevel accessLevel, Uri baseUri)
   at System.Windows.Markup.XamlReader.LoadBaml(Stream stream, ParserContext parserContext, Object parent, Boolean closeStream)
   at System.Windows.Application.LoadBamlStreamWithSyncInfo(Stream stream, ParserContext pc)
   at System.Windows.Application.DoStartup()
   at System.Windows.Application.<.ctor>b__1_0(Object unused)
   at System.Windows.Threading.ExceptionWrapper.InternalRealCall(Delegate callback, Object args, Int32 numArgs)
   at System.Windows.Threading.ExceptionWrapper.TryCatchWhen(Object source, Delegate callback, Object args, Int32 numArgs, Delegate catchHandler)
2025-06-07 15:40:16.905 +07:00 [INF] Starting application...
2025-06-07 15:40:16.924 +07:00 [DBG] Application startup arguments: 
2025-06-07 15:41:29.632 +07:00 [INF] Application is shutting down with exit code: 0
2025-06-07 15:42:39.875 +07:00 [INF] Starting application...
2025-06-07 15:42:39.895 +07:00 [DBG] Application startup arguments: 
2025-06-07 15:44:41.099 +07:00 [INF] Application is shutting down with exit code: 0
2025-06-07 15:47:46.988 +07:00 [INF] Starting application...
2025-06-07 15:47:47.005 +07:00 [DBG] Application startup arguments: 
2025-06-07 15:47:47.146 +07:00 [ERR] Unhandled exception in UI thread
System.Windows.Markup.XamlParseException: 'The invocation of the constructor on type 'UsbDlpAgent.UI.MainWindow' that matches the specified binding constraints threw an exception.' Line number '7' and line position '9'.
 ---> System.InvalidOperationException: Items collection must be empty before using ItemsSource.
   at System.Windows.Controls.ItemCollection.SetItemsSource(IEnumerable value, Func`2 GetSourceItem)
   at System.Windows.Controls.ItemsControl.OnItemsSourceChanged(DependencyObject d, DependencyPropertyChangedEventArgs e)
   at System.Windows.FrameworkElement.OnPropertyChanged(DependencyPropertyChangedEventArgs e)
   at System.Windows.DependencyObject.NotifyPropertyChange(DependencyPropertyChangedEventArgs args)
   at System.Windows.DependencyObject.UpdateEffectiveValue(EntryIndex entryIndex, DependencyProperty dp, PropertyMetadata metadata, EffectiveValueEntry oldEntry, EffectiveValueEntry& newEntry, Boolean coerceWithDeferredReference, Boolean coerceWithCurrentValue, OperationType operationType)
   at System.Windows.DependencyObject.SetValueCommon(DependencyProperty dp, Object value, PropertyMetadata metadata, Boolean coerceWithDeferredReference, Boolean coerceWithCurrentValue, OperationType operationType, Boolean isInternal)
   at System.Windows.DependencyObject.SetValue(DependencyProperty dp, Object value)
   at UsbDlpAgent.UI.MainWindow.InitializeFilters() in C:\UsbDlpAgent\UsbDlpAgent.UI\MainWindow.xaml.cs:line 183
   at UsbDlpAgent.UI.MainWindow..ctor() in C:\UsbDlpAgent\UsbDlpAgent.UI\MainWindow.xaml.cs:line 69
   at System.RuntimeType.CreateInstanceDefaultCtor(Boolean publicOnly, Boolean wrapExceptions)
   --- End of inner exception stack trace ---
   at System.Windows.Markup.XamlReader.RewrapException(Exception e, IXamlLineInfo lineInfo, Uri baseUri)
   at System.Windows.Markup.WpfXamlLoader.Load(XamlReader xamlReader, IXamlObjectWriterFactory writerFactory, Boolean skipJournaledProperties, Object rootObject, XamlObjectWriterSettings settings, Uri baseUri)
   at System.Windows.Markup.WpfXamlLoader.LoadBaml(XamlReader xamlReader, Boolean skipJournaledProperties, Object rootObject, XamlAccessLevel accessLevel, Uri baseUri)
   at System.Windows.Markup.XamlReader.LoadBaml(Stream stream, ParserContext parserContext, Object parent, Boolean closeStream)
   at System.Windows.Application.LoadBamlStreamWithSyncInfo(Stream stream, ParserContext pc)
   at System.Windows.Application.DoStartup()
   at System.Windows.Application.<.ctor>b__1_0(Object unused)
   at System.Windows.Threading.ExceptionWrapper.InternalRealCall(Delegate callback, Object args, Int32 numArgs)
   at System.Windows.Threading.ExceptionWrapper.TryCatchWhen(Object source, Delegate callback, Object args, Int32 numArgs, Delegate catchHandler)
2025-06-07 15:50:59.621 +07:00 [INF] Starting application...
2025-06-07 15:50:59.641 +07:00 [DBG] Application startup arguments: 
2025-06-07 15:51:28.091 +07:00 [INF] Application is shutting down with exit code: 0
2025-06-07 15:51:32.230 +07:00 [INF] Starting application...
2025-06-07 15:51:32.250 +07:00 [DBG] Application startup arguments: 
2025-06-07 15:51:42.661 +07:00 [INF] Application is shutting down with exit code: 0
2025-06-07 15:51:46.366 +07:00 [INF] Starting application...
2025-06-07 15:51:46.383 +07:00 [DBG] Application startup arguments: 
2025-06-07 15:51:49.102 +07:00 [INF] Application is shutting down with exit code: 0
2025-06-07 15:51:54.677 +07:00 [INF] Starting application...
2025-06-07 15:51:54.696 +07:00 [DBG] Application startup arguments: 
2025-06-07 15:53:39.246 +07:00 [INF] Application is shutting down with exit code: 0
2025-06-07 15:54:30.080 +07:00 [INF] Starting application...
2025-06-07 15:54:30.097 +07:00 [DBG] Application startup arguments: 
2025-06-07 15:57:34.983 +07:00 [INF] Application is shutting down with exit code: 0
2025-06-07 15:58:17.290 +07:00 [INF] Starting application...
2025-06-07 15:58:17.313 +07:00 [DBG] Application startup arguments: 
2025-06-07 16:00:45.210 +07:00 [INF] Application is shutting down with exit code: 0
2025-06-07 16:00:59.893 +07:00 [INF] Starting application...
2025-06-07 16:00:59.912 +07:00 [DBG] Application startup arguments: 
2025-06-07 16:01:09.669 +07:00 [INF] Application is shutting down with exit code: 0
2025-06-07 16:01:12.568 +07:00 [INF] Starting application...
2025-06-07 16:01:12.585 +07:00 [DBG] Application startup arguments: 
2025-06-07 16:02:32.487 +07:00 [INF] Application is shutting down with exit code: 0
2025-06-07 16:02:38.686 +07:00 [INF] Starting application...
2025-06-07 16:02:38.704 +07:00 [DBG] Application startup arguments: 
2025-06-07 16:03:05.986 +07:00 [INF] Application is shutting down with exit code: 0
2025-06-07 16:03:11.006 +07:00 [INF] Starting application...
2025-06-07 16:03:11.023 +07:00 [DBG] Application startup arguments: 
2025-06-07 16:03:21.208 +07:00 [INF] Application is shutting down with exit code: 0
2025-06-07 16:04:00.941 +07:00 [INF] Starting application...
2025-06-07 16:04:00.958 +07:00 [DBG] Application startup arguments: 
2025-06-07 16:08:23.277 +07:00 [INF] Application is shutting down with exit code: 0
2025-06-07 16:08:29.304 +07:00 [INF] Starting application...
2025-06-07 16:08:29.321 +07:00 [DBG] Application startup arguments: 
2025-06-07 16:11:24.343 +07:00 [INF] Starting application...
2025-06-07 16:11:24.363 +07:00 [DBG] Application startup arguments: 
2025-06-07 16:12:11.347 +07:00 [INF] Application is shutting down with exit code: 0
2025-06-07 16:12:18.166 +07:00 [INF] Starting application...
2025-06-07 16:12:18.183 +07:00 [DBG] Application startup arguments: 
2025-06-07 16:14:37.060 +07:00 [INF] Starting application...
2025-06-07 16:14:37.078 +07:00 [DBG] Application startup arguments: 
2025-06-07 16:16:50.201 +07:00 [INF] Application is shutting down with exit code: 0
2025-06-07 16:16:57.436 +07:00 [INF] Starting application...
2025-06-07 16:16:57.454 +07:00 [DBG] Application startup arguments: 
2025-06-07 16:18:51.061 +07:00 [INF] Application is shutting down with exit code: 0
2025-06-07 16:23:10.020 +07:00 [INF] Starting application...
2025-06-07 16:23:10.037 +07:00 [DBG] Application startup arguments: 
2025-06-07 16:29:29.778 +07:00 [INF] Application is shutting down with exit code: 0
2025-06-07 16:30:05.745 +07:00 [INF] Starting application...
2025-06-07 16:30:05.762 +07:00 [DBG] Application startup arguments: 
2025-06-07 16:30:23.736 +07:00 [INF] Application is shutting down with exit code: 0
2025-06-07 16:42:00.738 +07:00 [INF] Starting application...
2025-06-07 16:42:00.758 +07:00 [DBG] Application startup arguments: 
2025-06-07 16:43:02.660 +07:00 [INF] Application is shutting down with exit code: 0
2025-06-07 16:44:48.322 +07:00 [INF] Starting application...
2025-06-07 16:44:48.341 +07:00 [DBG] Application startup arguments: 
2025-06-07 16:44:58.249 +07:00 [INF] Application is shutting down with exit code: 0
2025-06-07 16:45:04.779 +07:00 [INF] Starting application...
2025-06-07 16:45:04.799 +07:00 [DBG] Application startup arguments: 
2025-06-07 16:45:07.249 +07:00 [INF] Application is shutting down with exit code: 0
2025-06-07 16:45:45.558 +07:00 [INF] Starting application...
2025-06-07 16:45:45.577 +07:00 [DBG] Application startup arguments: 
2025-06-07 16:46:06.101 +07:00 [INF] Application is shutting down with exit code: 0
